// Jest Snapshot v1, https://goo.gl/fbAQLP

exports[`Login Page should render page 1`] = `
<div>
  <div>
    <h1
      class="h1"
    >
      Redirecting to login...
    </h1>
    <lds-loading-spinner
      animationspeed="1000"
      arialabel="loading"
      size="40"
    />
  </div>
</div>
`;
