// Jest Snapshot v1, https://goo.gl/fbAQLP

exports[`MyCarePartners Page should render page 1`] = `
<div>
  <div>
    My care partners page
  </div>
</div>
`;
